// Jest Snapshot v1, https://goo.gl/fbAQLP

exports[`NavMenu should match snapshot 1`] = `
ShallowWrapper {
  "length": 1,
  Symbol(enzyme.__root__): [Circular],
  Symbol(enzyme.__unrendered__): <NavMenu />,
  Symbol(enzyme.__renderer__): Object {
    "batchedUpdates": [Function],
    "getNode": [Function],
    "render": [Function],
    "simulateEvent": [Function],
    "unmount": [Function],
  },
  Symbol(enzyme.__node__): Object {
    "instance": null,
    "key": undefined,
    "nodeType": "host",
    "props": Object {
      "children": Array [
        <WithStyles(AppBar)>
          <WithStyles(Toolbar)>
                    <WithStyles(IconButton)>
                              <pure(Menu)
                                        onClick={[Function]}
                              />
                    </WithStyles(IconButton)>
                    <WithStyles(Typography)
                              variant="title"
                    >
                              Title
                    </WithStyles(Typography)>
          </WithStyles(Toolbar)>
</WithStyles(AppBar)>,
        <WithStyles(Drawer)
          onClose={[Function]}
          open={false}
>
          <NavListItem
                    onChange={[Function]}
          />
</WithStyles(Drawer)>,
      ],
    },
    "ref": null,
    "rendered": Array [
      Object {
        "instance": null,
        "key": undefined,
        "nodeType": "class",
        "props": Object {
          "children": <WithStyles(Toolbar)>
            <WithStyles(IconButton)>
                        <pure(Menu)
                                    onClick={[Function]}
                        />
            </WithStyles(IconButton)>
            <WithStyles(Typography)
                        variant="title"
            >
                        Title
            </WithStyles(Typography)>
</WithStyles(Toolbar)>,
        },
        "ref": null,
        "rendered": Object {
          "instance": null,
          "key": undefined,
          "nodeType": "class",
          "props": Object {
            "children": Array [
              <WithStyles(IconButton)>
                <pure(Menu)
                                onClick={[Function]}
                />
</WithStyles(IconButton)>,
              <WithStyles(Typography)
                variant="title"
>
                Title
</WithStyles(Typography)>,
            ],
          },
          "ref": null,
          "rendered": Array [
            Object {
              "instance": null,
              "key": undefined,
              "nodeType": "class",
              "props": Object {
                "children": <pure(Menu)
                  onClick={[Function]}
/>,
              },
              "ref": null,
              "rendered": Object {
                "instance": null,
                "key": undefined,
                "nodeType": "class",
                "props": Object {
                  "onClick": [Function],
                },
                "ref": null,
                "rendered": null,
                "type": [Function],
              },
              "type": [Function],
            },
            Object {
              "instance": null,
              "key": undefined,
              "nodeType": "class",
              "props": Object {
                "children": "Title",
                "variant": "title",
              },
              "ref": null,
              "rendered": "Title",
              "type": [Function],
            },
          ],
          "type": [Function],
        },
        "type": [Function],
      },
      Object {
        "instance": null,
        "key": undefined,
        "nodeType": "class",
        "props": Object {
          "children": <NavListItem
            onChange={[Function]}
/>,
          "onClose": [Function],
          "open": false,
        },
        "ref": null,
        "rendered": Object {
          "instance": null,
          "key": undefined,
          "nodeType": "function",
          "props": Object {
            "onChange": [Function],
          },
          "ref": null,
          "rendered": null,
          "type": [Function],
        },
        "type": [Function],
      },
    ],
    "type": "div",
  },
  Symbol(enzyme.__nodes__): Array [
    Object {
      "instance": null,
      "key": undefined,
      "nodeType": "host",
      "props": Object {
        "children": Array [
          <WithStyles(AppBar)>
            <WithStyles(Toolbar)>
                        <WithStyles(IconButton)>
                                    <pure(Menu)
                                                onClick={[Function]}
                                    />
                        </WithStyles(IconButton)>
                        <WithStyles(Typography)
                                    variant="title"
                        >
                                    Title
                        </WithStyles(Typography)>
            </WithStyles(Toolbar)>
</WithStyles(AppBar)>,
          <WithStyles(Drawer)
            onClose={[Function]}
            open={false}
>
            <NavListItem
                        onChange={[Function]}
            />
</WithStyles(Drawer)>,
        ],
      },
      "ref": null,
      "rendered": Array [
        Object {
          "instance": null,
          "key": undefined,
          "nodeType": "class",
          "props": Object {
            "children": <WithStyles(Toolbar)>
              <WithStyles(IconButton)>
                            <pure(Menu)
                                          onClick={[Function]}
                            />
              </WithStyles(IconButton)>
              <WithStyles(Typography)
                            variant="title"
              >
                            Title
              </WithStyles(Typography)>
</WithStyles(Toolbar)>,
          },
          "ref": null,
          "rendered": Object {
            "instance": null,
            "key": undefined,
            "nodeType": "class",
            "props": Object {
              "children": Array [
                <WithStyles(IconButton)>
                  <pure(Menu)
                                    onClick={[Function]}
                  />
</WithStyles(IconButton)>,
                <WithStyles(Typography)
                  variant="title"
>
                  Title
</WithStyles(Typography)>,
              ],
            },
            "ref": null,
            "rendered": Array [
              Object {
                "instance": null,
                "key": undefined,
                "nodeType": "class",
                "props": Object {
                  "children": <pure(Menu)
                    onClick={[Function]}
/>,
                },
                "ref": null,
                "rendered": Object {
                  "instance": null,
                  "key": undefined,
                  "nodeType": "class",
                  "props": Object {
                    "onClick": [Function],
                  },
                  "ref": null,
                  "rendered": null,
                  "type": [Function],
                },
                "type": [Function],
              },
              Object {
                "instance": null,
                "key": undefined,
                "nodeType": "class",
                "props": Object {
                  "children": "Title",
                  "variant": "title",
                },
                "ref": null,
                "rendered": "Title",
                "type": [Function],
              },
            ],
            "type": [Function],
          },
          "type": [Function],
        },
        Object {
          "instance": null,
          "key": undefined,
          "nodeType": "class",
          "props": Object {
            "children": <NavListItem
              onChange={[Function]}
/>,
            "onClose": [Function],
            "open": false,
          },
          "ref": null,
          "rendered": Object {
            "instance": null,
            "key": undefined,
            "nodeType": "function",
            "props": Object {
              "onChange": [Function],
            },
            "ref": null,
            "rendered": null,
            "type": [Function],
          },
          "type": [Function],
        },
      ],
      "type": "div",
    },
  ],
  Symbol(enzyme.__options__): Object {
    "adapter": ReactSixteenAdapter {
      "options": Object {
        "enableComponentDidUpdateOnSetState": true,
      },
    },
  },
}
`;
